%!Adobe-FontList 1.18
%Locale:0x409

%BeginFont
Handler:DirectoryHandler
FontType:TrueType
FontName:Exo-Black
FamilyName:Exo
StyleName:Black
MenuName:Exo
StyleBits:2
WeightClass:900
WidthClass:5
AngleClass:0
FullName:Exo Black
WritingScript:Roman
OutlineFileName:\Exo-Black.ttf
DataFormat:sfntData
hasSVG:no
FileLength:23844
FileModTime:1421423126
NameArray:0,Win,1,Exo
%EndFont

%BeginFont
Handler:DirectoryHandler
FontType:TrueType
FontName:Exo-Bold
FamilyName:Exo
StyleName:Bold
MenuName:Exo
StyleBits:2
WeightClass:700
WidthClass:5
AngleClass:0
FullName:Exo Bold
WritingScript:Roman
OutlineFileName:\Exo-Bold.ttf
DataFormat:sfntData
hasSVG:no
FileLength:25420
FileModTime:1421423126
NameArray:0,Win,1,Exo
%EndFont

%BeginFont
Handler:DirectoryHandler
FontType:TrueType
FontName:Exo-Regular
FamilyName:Exo
StyleName:Regular
MenuName:Exo
StyleBits:0
WeightClass:400
WidthClass:5
AngleClass:0
FullName:Exo Regular
WritingScript:Roman
OutlineFileName:\Exo-Regular.ttf
DataFormat:sfntData
hasSVG:no
FileLength:24828
FileModTime:1421423126
NameArray:0,Win,1,Exo
%EndFont

%BeginFont
Handler:DirectoryHandler
FontType:Type1
FontName:FontAwesome
FamilyName:FontAwesome
StyleName:Regular
MenuName:FontAwesome
StyleBits:0
WeightClass:400
WidthClass:5
AngleClass:0
FullName:FontAwesome
WritingScript:Roman
OutlineFileName:\FontAwesome.otf
DataFormat:sfntData
UsesStandardEncoding:yes
isCFF:yes
hasSVG:no
FileLength:124988
FileModTime:1463139866
NameArray:0,Mac,4,FontAwesome
NameArray:0,Win,1,FontAwesome
%EndFont

%BeginFont
Handler:DirectoryHandler
FontType:TrueType
FontName:Roboto-Regular
FamilyName:Roboto
StyleName:Regular
MenuName:Roboto
StyleBits:0
WeightClass:400
WidthClass:5
AngleClass:0
FullName:Roboto
WritingScript:Roman
OutlineFileName:\Roboto-Regular.ttf
DataFormat:sfntData
hasSVG:no
FileLength:32652
FileModTime:1421423178
NameArray:0,Win,1,Roboto
%EndFont

%BeginFont
Handler:DirectoryHandler
FontType:TrueType
FontName:RobotoCondensed-Light
FamilyName:Roboto Condensed Light
StyleName:Regular
MenuName:Roboto Condensed Light
StyleBits:0
WeightClass:300
WidthClass:5
AngleClass:0
FullName:Roboto Condensed Light
WritingScript:Roman
OutlineFileName:\RobotoCondensed-Light.ttf
DataFormat:sfntData
hasSVG:no
FileLength:32524
FileModTime:1421423177
NameArray:0,Win,1,Roboto Condensed Light
%EndFont

%BeginFont
Handler:DirectoryHandler
FontType:TrueType
FontName:RobotoCondensed-Regular
FamilyName:Roboto Condensed
StyleName:Regular
MenuName:Roboto Condensed
StyleBits:0
WeightClass:400
WidthClass:5
AngleClass:0
FullName:Roboto Condensed
WritingScript:Roman
OutlineFileName:\RobotoCondensed-Regular.ttf
DataFormat:sfntData
hasSVG:no
FileLength:32428
FileModTime:1421423178
NameArray:0,Win,1,Roboto Condensed
%EndFont

